// Jest Snapshot v1, https://goo.gl/fbAQLP

exports[`page - index should render 1`] = `
<main
  className="jsx-3688675360  vh-100 dt w-100"
>
  <div
    className="dtc v-mid tc"
  >
    <article
      className="mw5 center sans-serif f3 fw2 ph2"
    >
      <img
        className="br-100 h4 w4 center dib ma3"
        src="/static/uglytarantula-commission.jpg"
        title="commission by @uglytarantula"
      />
      <h1
        className="lh-title fw2 f2"
      >
        <a
          className="no-underline"
          href="/"
        >
          Give Mel Cash
        </a>
      </h1>
      <ul
        className="list pl0 tl"
      >
        <li
          className="mv2 tc ttu tracked"
        >
          <a
            className="f5 fw4 pointer no-underline br3 br--left ba bw1 ph3 pv2 mb2 grow tc dib w-75"
            href="https://ko-fi.com/melkat"
            rel="me"
          >
            Ko-fi
          </a>
          <a
            className="f5 fw4 pointer no-underline br3 br--right ba bw1 pv2 ml1 mb2 grow tc dib w-20"
            onClick={[Function]}
          >
            QR
          </a>
        </li>
        <li
          className="mv2 tc ttu tracked"
        >
          <a
            className="f5 fw4 pointer no-underline br3 br--left ba bw1 ph3 pv2 mb2 grow tc dib w-75"
            href="https://www.paypal.me/melaniekat"
            rel="me"
          >
            Paypal
          </a>
          <a
            className="f5 fw4 pointer no-underline br3 br--right ba bw1 pv2 ml1 mb2 grow tc dib w-20"
            onClick={[Function]}
          >
            QR
          </a>
        </li>
        <li
          className="mv2 tc ttu tracked"
        >
          <a
            className="f5 fw4 pointer no-underline br3 br--left ba bw1 ph3 pv2 mb2 grow tc dib w-75"
            href="https://venmo.com/ZicklePop"
            rel="me"
          >
            Venmo
          </a>
          <a
            className="f5 fw4 pointer no-underline br3 br--right ba bw1 pv2 ml1 mb2 grow tc dib w-20"
            onClick={[Function]}
          >
            QR
          </a>
        </li>
        <li
          className="mv2 tc ttu tracked"
        >
          <a
            className="f5 fw4 pointer no-underline br3 br--left ba bw1 ph3 pv2 mb2 grow tc dib w-75"
            href="https://cash.app/$melkat39"
            rel="me"
          >
            Cash
          </a>
          <a
            className="f5 fw4 pointer no-underline br3 br--right ba bw1 pv2 ml1 mb2 grow tc dib w-20"
            onClick={[Function]}
          >
            QR
          </a>
        </li>
      </ul>
    </article>
  </div>
</main>
`;
